<testsuite errors="0" failures="0" name="Django Project Tests" skips="0" tests="7" time="0.082"><testcase classname="connection_front.tests.test_jenkins.QuestionMethodTests" name="test_was_published_recently_with_future_question" time="0.001041" /><testcase classname="connection_front.tests.test_jenkins.QuestionMethodTests" name="test_was_published_recently_with_old_question" time="0.000000" /><testcase classname="connection_front.tests.test_jenkins.QuestionMethodTests" name="test_was_published_recently_with_recent_question" time="0.000000" /><testcase classname="connection_front.tests.tests.UtilisateurTest" name="test_champs_utilisateur" time="0.002030" /><testcase classname="connection_front.tests.tests.UtilisateurTest" name="test_get_tous_utilisateurs" time="0.000954" /><testcase classname="connection_front.tests.tests.UtilisateurTest" name="test_utilisateur_duplique" time="0.000959" /><testcase classname="connection_front.tests.tests.UtilisateurTests" name="test_inscription_utilisateur" time="0.066710" /></testsuite>